=== bench_batch (45 layers) ===
engine: dense NVFP4 overlay ACTIVE
engine: 58840 tensors, 101.85 GiB resident, 45 layers, max_ctx 512
engine: 34 KDA layers (145.56 MiB state, context-independent), 11 full-attn layers (11.00 MiB latent cache at 512 ctx)
streaming read RIGHT NOW: 220.8 GB/s  (idle-box reference is 240; anything well below
  that means the box is contended and the absolute numbers here are depressed --
  the RATIOS between widths are what this bench is for)

   K     min ms     med ms    ms/token     vs K=1   speedup
   1      84.22      86.30      84.220      1.000     1.00x
   2     182.23     186.75      91.116      2.164     0.92x
   3     185.12     189.19      61.705      2.198     1.36x
   4     222.00     225.95      55.499      2.636     1.52x
   5     288.06     294.62      57.611      3.420     1.46x
   6     377.14     385.82      62.857      4.478     1.34x
   8     419.16     424.71      52.395      4.977     1.61x
  12     605.90     621.78      50.491      7.194     1.67x
  16     798.19     809.90      49.887      9.477     1.69x

'vs K=1' is what ROOFLINE.md §4 predicts as the cost column; 'speedup' is the
ceiling a verify of that width could reach if every drafted token were accepted.
If min and med differ by more than ~15%, the box was contended and this run is not a
measurement — repeat it when the GPU is idle.
