=== gate_kda ===
gate_kda — KDA decode step vs transformers, real layer-0 weights
oracle: ref/kda

  qkv+conv+silu  PASS  cos 1.000000000  max_rel 1.079e-06  rms 2.505e-10  (n=24576)
  conv_state     PASS  cos 1.000000000  max_rel 1.234e-06  rms 5.780e-09  (n=73728)
  forget gate g  PASS  cos 1.000000000  max_rel 2.095e-07  rms 1.117e-07  (n=8192)
  beta           PASS  cos 1.000000000  max_rel 1.209e-07  rms 2.910e-08  (n=64)
  output gate    PASS  cos 1.000000000  max_rel 2.565e-06  rms 2.110e-08  (n=8192)
  l2norm q       PASS  cos 1.000000000  max_rel 1.090e-06  rms 1.977e-09  (n=8192)
  l2norm k       PASS  cos 1.000000000  max_rel 1.361e-06  rms 1.678e-08  (n=8192)
  recurrence out PASS  cos 1.000000000  max_rel 4.587e-07  rms 1.148e-11  (n=8192)
  state S_out    PASS  cos 1.000000000  max_rel 3.009e-06  rms 1.246e-11  (n=1048576)
  gated o_norm   PASS  cos 1.000000000  max_rel 7.024e-07  rms 1.355e-10  (n=8192)
  o_proj (y)     PASS  cos 1.000000000  max_rel 2.857e-06  rms 1.655e-09  (n=4096)

  fused kda_decode_step:
    y            PASS  cos 1.000000000  max_rel 2.857e-06  rms 1.655e-09  (n=4096)
    S_out        PASS  cos 1.000000000  max_rel 3.009e-06  rms 1.246e-11  (n=1048576)

  bf16 weights (production dtype):
    y            PASS  cos 1.000000000  max_rel 2.987e-06  rms 1.655e-09  (n=4096)
    S_out        PASS  cos 1.000000000  max_rel 3.009e-06  rms 1.247e-11  (n=1048576)

GATE PASSED  15/15 checks passed

=== gate_moe ===
gate_moe — MoE block vs transformers, real NVFP4 experts from the checkpoint
model:  /home/patrickd/glm-5.3-reap/output/glm-5.3-flash-reap50-nvfp4-pass2
  layer 3
oracle: ref/moe

loaded 1307 tensors, 3.30 GiB resident

  routing          PASS  experts 2 13 36 38 43 76 84 134   max|dw| 5.96e-08
  router logits    PASS  cos 1.000000000  max_rel 1.620e-06  rms 1.967e-06  (n=144)
  moe output y     PASS  cos 1.000000000  max_rel 3.723e-06  rms 1.664e-06  (n=4096)

GATE PASSED  3/3 checks passed

=== gate_layer ===
gate_layer — complete decoder layer 0 (KDA + dense MLP + 2x mHC) vs transformers

loaded 26 tensors, 2.31 GiB resident

  hc_a post      PASS  cos 1.000000000  max_rel 1.844e-08  (n=4)
  hc_a comb      PASS  cos 1.000000000  max_rel 9.290e-08  (n=16)
  hc_a collapse  PASS  cos 1.000000000  max_rel 8.375e-08  (n=4096)
  input_ln       PASS  cos 1.000000000  max_rel 1.325e-07  (n=4096)
  kda sublayer   PASS  cos 1.000000000  max_rel 1.334e-06  (n=4096)
  residual mix   PASS  cos 1.000000000  max_rel 1.223e-06  (n=16384)
  hc_f post      PASS  cos 1.000000000  max_rel 6.773e-08  (n=4)
  hc_f comb      PASS  cos 1.000000000  max_rel 1.150e-07  (n=16)
  hc_f collapse  PASS  cos 1.000000000  max_rel 1.341e-06  (n=4096)
  post_attn_ln   PASS  cos 1.000000000  max_rel 1.072e-06  (n=4096)
  dense mlp      PASS  cos 1.000000000  max_rel 1.873e-06  (n=4096)
  LAYER OUTPUT   PASS  cos 1.000000000  max_rel 1.265e-06  (n=16384)

GATE PASSED  12/12 checks passed

=== gate_mla ===
gate_mla — MLA decode (pure NoPE, absorbed) vs transformers, layer 3, T=38

loaded 14 tensors, 1.76 GiB resident

  q_resid        PASS  cos 1.000000000  max_rel 2.847e-06  (n=1536)
  q              PASS  cos 1.000000000  max_rel 3.003e-06  (n=16384)
  stored latent  PASS  cos 1.000000000  max_rel 2.700e-06  (n=512)
  attn out (y)   PASS  cos 1.000000000  max_rel 6.636e-06  (n=4096)

GATE PASSED  4/4 checks passed

=== gate_indexer ===
=== gate_indexer ===
dense limit 2051 (IDX_TOPK 2048 + IDX_KPOOL 4 - 1), out width 2051, select budget 512
--- T = 38 (dense: indexer must select everything) ---
  ok   T=38: visible-key SET matches at all 38 query positions
  ok   T=38: emit count is positive (no NaN hole)
  ok   T=38: emitted keys are ascending and distinct (38 keys)
    selection: bar -0.2711382, 0 of 9 chosen pools below it by more than 4e-06 (every choice is top-k)
  ok   T=38: chose the top-9 pools by score
    pool scores: cos 1.000000000  max|d| 3.129e-07  rel 3.701e-07  over 9 pools
  ok   T=38: pool scores match the reference
--- T = 2050 (dense: indexer must select everything) ---
  ok   T=2050: visible-key SET matches at all 2050 query positions
  ok   T=2050: emit count is positive (no NaN hole)
  ok   T=2050: emitted keys are ascending and distinct (2050 keys)
    selection: bar -0.7176940, 0 of 512 chosen pools below it by more than 4e-06 (every choice is top-k)
  ok   T=2050: chose the top-512 pools by score
    pool scores: cos 1.000000000  max|d| 1.684e-06  rel 1.400e-06  over 512 pools
  ok   T=2050: pool scores match the reference
--- T = 3003 (sparse) ---
  ok   T=3003: visible-key SET matches at all 3003 query positions
  ok   T=3003: emit count is positive (no NaN hole)
  ok   T=3003: emitted keys are ascending and distinct (2051 keys)
    selection: bar -0.3291963, 0 of 512 chosen pools below it by more than 4e-06 (every choice is top-k)
  ok   T=3003: chose the top-512 pools by score
    pool scores: cos 1.000000000  max|d| 1.788e-06  rel 1.665e-06  over 750 pools
  ok   T=3003: pool scores match the reference
--- 15 passed, 0 failed ---
ALL INDEXER GATES PASS

=== gate_mla_sparse ===
=== gate_mla_sparse (layer 3, 3003 steps, dense limit 2051) ===
loaded 14 tensors, 1.76 GiB
  ok   sparse == dense BIT-EXACT for all 2051 steps at or below 2051
  ok   key count is exactly right at every one of 3003 steps
    above the limit: 0 of 952 steps still identical to dense
  ok   sparse DIVERGES from dense above 2051 (indexer is doing work)
--- 3 passed, 0 failed ---
ALL SPARSE-MLA GATES PASS

=== gate_stack ===
gate_stack — engine vs transformers, 3 layers, 4 decode steps

engine: 81 tensors, 10.26 GiB resident, 3 layers, max_ctx 2048
engine: 3 KDA layers (12.84 MiB state, context-independent), 0 full-attn layers (0.00 MiB latent cache at 2048 ctx)
  step 0 tok 7321 PASS  cos 1.000000000  max_rel 1.694e-06  |got|=3.14929
  step 1 tok 32959 PASS  cos 1.000000000  max_rel 1.710e-06  |got|=3.36202
  step 2 tok 10320 PASS  cos 1.000000000  max_rel 1.847e-06  |got|=2.82883
  step 3 tok 48987 PASS  cos 1.000000000  max_rel 1.384e-06  |got|=3.71670

GATE PASSED  4/4 checks passed

=== gate_batch ===
=== gate_batch (4 layers) ===
engine: 1410 tensors, 13.57 GiB resident, 4 layers, max_ctx 256
engine: 3 KDA layers (12.84 MiB state, context-independent), 1 full-attn layers (0.50 MiB latent cache at 256 ctx)
layer types in range: 0=kda/dense 1=kda/dense 2=kda/dense 3=mla/moe 
reference: 12 sequential decodes done
  ok   K=1
  ok   K=2
  ok   K=3
  ok   K=4
  ok   K=5
  ok   K=8
  ok   ragged widths
  ok   last-token-only logits match
  ok   a batched prefill leaves a usable state
  ok   accept 0 of 5
  ok   accept 1 of 5
  ok   accept 3 of 5
  ok   accept 5 of 5
--- 13 passed, 0 failed ---
ALL BATCH GATES PASS

ALL GATES PASSED
RC=0
