[dprof] enabled, 1048576 marks
engine: dense NVFP4 overlay ACTIVE
engine: 58840 tensors, 101.85 GiB resident, 45 layers, max_ctx 1344
engine: 34 KDA layers (145.56 MiB state, context-independent), 11 full-attn layers (28.88 MiB latent cache at 1344 ctx)
streaming read RIGHT NOW: 242.4 GB/s
prompt 128 tokens, 45 layers, widths: 1 4 8 16 32, 2 reps, ROUND-ROBIN

  rep 0  width 1      10476.4 ms   81.847 ms/tok     12.2 tok/s
  rep 0  width 4       8160.6 ms   63.755 ms/tok     15.7 tok/s
  rep 0  width 8       8174.3 ms   63.862 ms/tok     15.7 tok/s
  rep 0  width 16      8237.5 ms   64.356 ms/tok     15.5 tok/s
  rep 0  width 32      8254.9 ms   64.491 ms/tok     15.5 tok/s
  rep 1  width 1      10838.0 ms   84.672 ms/tok     11.8 tok/s
  rep 1  width 4       8533.2 ms   66.666 ms/tok     15.0 tok/s
  rep 1  width 8       8588.8 ms   67.100 ms/tok     14.9 tok/s
  rep 1  width 16      8607.0 ms   67.242 ms/tok     14.9 tok/s
  rep 1  width 32      8466.6 ms   66.145 ms/tok     15.1 tok/s

width      min ms/tok   med ms/tok  tok/s (min)
1              81.847       84.672         12.2
4              63.755       66.666         15.7
8              63.862       67.100         15.7
16             64.356       67.242         15.5
32             64.491       66.145         15.5

[dprof] prefill (all widths, all reps) — decode step by sub-op, summed over 1280 step(s) and all layers
[dprof] phase                        ms       %    calls     GB/tok     GB/s     %BW
[dprof] hc:pre_attn             1365.09    1.5%    17010      0.035     33.3     14%
[dprof] norm:attn                315.85    0.3%    17010          -        -       -
[dprof] ATTENTION              40142.66   43.6%    17010      3.990    127.2     52%
[dprof] hc:post_attn             263.55    0.3%    17010          -        -       -
[dprof] hc:pre_ffn              1359.35    1.5%    17010      0.035     33.4     14%
[dprof] norm:ffn                 318.58    0.3%    17010          -        -       -
[dprof] FFN                    47987.55   52.1%    17010      5.656    150.9     62%
[dprof] hc:post_ffn              266.33    0.3%    17010          -        -       -
[dprof] embed                      9.31    0.0%      378          -        -       -
[dprof] head:mean                  0.18    0.0%       11          -        -       -
[dprof] lm_head                   31.69    0.0%       11      0.357  14413.7   5945%
[dprof]   attn:kda             24927.24   27.1%    12852      3.014    154.8     64%
[dprof]   attn:mla             15175.97   16.5%     4158      0.976     82.3     34%
[dprof]   ffn:moe              45911.16   49.9%    15876      5.401    150.6     62%
[dprof]   ffn:dense             2037.59    2.2%     1134      0.255    160.1     66%
[dprof]     moe:router          1493.00    1.6%    56448      0.050     42.9     18%
[dprof]     moe:w13+act        29185.81   31.7%    56448      3.568    156.5     65%
[dprof]     moe:w2+combine     15000.57   16.3%    56448      1.783    152.1     63%
[dprof] TOTAL                  92060.14  (71.92 ms/step, 13.90 tok/s)
