412 tensors, 13.158 GiB bf16 in, families kda_qkv,o_proj,lm_head,dense_mlp,mla,indexer,kda_gates
  [  25/412] model.language_model.layers.45.self_attn.indexer.wk.weight        0.6 GiB out,    30s
  [  50/412] model.language_model.layers.11.self_attn.q_b_proj.weight          0.8 GiB out,    42s
  [  75/412] model.language_model.layers.14.self_attn.o_proj.weight            1.0 GiB out,    51s
  [ 100/412] model.language_model.layers.17.self_attn.k_proj.weight            1.2 GiB out,    61s
  [ 125/412] model.language_model.layers.2.self_attn.f_a_proj.weight           1.4 GiB out,    74s
  [ 150/412] model.language_model.layers.21.self_attn.v_proj.weight            1.7 GiB out,    85s
  [ 175/412] model.language_model.layers.24.self_attn.q_proj.weight            1.8 GiB out,    94s
  shard 0: 2.01 GiB
  [ 200/412] model.language_model.layers.27.self_attn.o_proj.weight            2.0 GiB out,   111s
  [ 225/412] .language_model.layers.3.self_attn.kv_a_proj_with_mqa.weight      2.2 GiB out,   119s
  [ 250/412] model.language_model.layers.32.self_attn.g_b_proj.weight          2.4 GiB out,   128s
  [ 275/412] model.language_model.layers.35.self_attn.indexer.wk.weight        2.6 GiB out,   139s
  [ 300/412] model.language_model.layers.38.self_attn.f_a_proj.weight          2.8 GiB out,   149s
  [ 325/412] model.language_model.layers.40.self_attn.b_proj.weight            3.0 GiB out,   159s
  [ 350/412] model.language_model.layers.42.self_attn.q_proj.weight            3.2 GiB out,   169s
  [ 375/412] model.language_model.layers.5.self_attn.o_proj.weight             3.4 GiB out,   179s
  [ 400/412] model.language_model.layers.8.self_attn.k_proj.weight             3.6 GiB out,   188s
  [ 412/412] model.language_model.layers.9.self_attn.v_proj.weight             3.7 GiB out,   194s
  shard 1: 1.69 GiB
DONE  13.158 GiB in -> 3.701 GiB out  (28.1%)  in 205s
